Script started on 2018-04-01 12:17:21+0530
karthik@karthik-X55U:~/py/JA$ python
Python 3.6.4 |Anaconda, Inc.| (default, Jan 16 2018, 18:10:19) 
[GCC 7.2.0] on linux
Type "help", "copyright", "credits" or "license" for more information.
>>> from sklearn.datasets import fetch_20newsgroups
>>> twenty_train = fetch_20newsgroups(subset='train', shuffle=True) [A[C[C[C[C[C[C[C[C[C[C[C[C[C[C[C[C[C[C[C[C[C[C[C[C[C[C[C[C[C[C[C[C[C[C[C[C[C[C[C[C[C[C[C[C[C[C[C[C[C[C[C[C[C[C[C[C[C[C[C[C[C[C[C[C[C[C[K)
>>> 
[1]+  Stopped                 python
karthik@karthik-X55U:~/py/JA$ pyth[K[K[K[Kscript[Kt
Script started, file is typescript
karthik@karthik-X55U:~/py/JA$ python
Python 3.6.4 |Anaconda, Inc.| (default, Jan 16 2018, 18:10:19) 
[GCC 7.2.0] on linux
Type "help", "copyright", "credits" or "license" for more information.
>>> [K>>> kw = open('keywords.txt', 'r').rea[K[K[K[K
>>> for i i[K[K[K[K[K[K[Kk = =[K[]
>>> for i in kw.readlines():
...     k += [i]
... 
>>> k
['accident\n', 'administer\n', 'adulterate\n', 'agony\n', 'altercate\n', 'anasthesia\n', 'armed\n', 'arsenic\n', 'assailant\n', 'assassination\n', 'assault\n', 'attack\n', 'autopsy\n', 'blackmail\n', 'bleed\n', 'blood\n', 'blooded\n', 'bomb\n', 'brutal\n', 'carnage\n', 'chemical\n', 'cold\n', 'congestion\n', 'constricted\n', 'corpse\n', 'corruption\n', 'crime\n', 'cutting\n', 'cyanide\n', 'dagger\n', 'dead\n', 'death\n', 'decease\n', 'deceased\n', 'destroy\n', 'die\n', 'disfigure\n', 'drap\n', 'execution\n', 'fellony\n', 'felonious\n', 'felony\n', 'fight\n', 'firearms\n', 'fracture\n', 'gun\n', 'hang\n', 'hate\n', 'heart\n', 'hell\n', 'hire\n', 'hit\n', 'homicide\n', 'injury\n', 'intentional\n', 'kill\n', 'knife\n', 'lethal\n', 'liquidate\n', 'machete\n', 'manslaughter\n', 'massacre\n', 'merciless\n', 'misery\n', 'mouth\n', 'murder\n', 'mysterious\n', 'neck\n', 'nose\n', 'overdose\n', 'perpetrate\n', 'pierce\n', 'pillow\n', 'pills\n', 'pistol\n', 'poison\n', 'pyschic\n', 'quarrel\n', 'revolver\n', 'rifle\n', 'riot\n', 'rope\n', 'ruthless\n', 'sharp\n', 'shoot\n', 'slaughter\n', 'slay\n', 'sleeping\n', 'stab\n', 'strangled\n', 'suffocate\n', 'suspecious\n', 'syringe\n', 'target\n', 'threat\n', 'throw\n', 'tight\n', 'torn\n', 'torture\n', 'toxin\n', 'undiagnosed\n', 'weapon\n', 'witnessabstraction\n', 'away\n', 'bait\n', 'blackmail\n', 'bracelet\n', 'breach\n', 'break\n', 'break-in\n', 'burglar\n', 'burglary\n', 'capturesteal\n', 'car\n', 'cash\n', 'chain\n', 'cheat\n', 'con\n', 'criminal\n', 'dacoit\n', 'diamond\n', 'electricity\n', 'extortion\n', 'filch\n', 'forcible\n', 'fraud\n', 'gold\n', 'grab\n', 'hack\n', 'hijack\n', 'hoax\n', 'housebreak\n', 'housebreaking\n', 'hustle\n', 'jewellery\n', 'lift\n', 'loot\n', 'missing\n', 'money\n', 'mug\n', 'mugging\n', 'ornament\n', 'piracy\n', 'plagiarism\n', 'platinum\n', 'plunder\n', 'poaching\n', 'property\n', 'racket\n', 'restraint\n', 'rip-off\n', 'rob\n', 'robbery\n', 'scooter\n', 'shoplift\n', 'silver\n', 'smuggle\n', 'smuggling\n', 'snatch\n', 'steal\n', 'take\n', 'taking\n', 'tamper\n', 'theft\n', 'thief\n', 'threaten\n', 'trick\n', 'usurpation\n', 'vandalism\n', 'vehicle\n', 'violentabuse\n', 'accroachment\n', 'acquired\n', 'acquisition\n', 'acre\n', 'ancestral\n', 'arbitrate\n', 'arbitrator\n', 'area\n', 'aunt\n', 'breach\n', 'building\n', 'claim\n', 'company\n', 'conflict\n', 'conquest\n', 'cultivation\n', 'daughter\n', 'deed\n', 'disobey\n', 'dispute\n', 'disturb\n', 'encroach\n', 'encroachment\n', 'enter\n', 'entry\n', 'father\n', 'flout\n', 'forced\n', 'foul\n', 'government\n', 'grandfather\n', 'grandmother\n', 'guntas\n', 'hereditary\n', 'illegal\n', 'infringement\n', 'interfere\n', 'interjection\n', 'intrusion\n', 'invasion\n', 'land\n', 'land-reform\n', 'landlord\n', 'lawbreak\n', 'litigate\n', 'neighbor\n', 'occupation\n', 'occupied\n', 'occupy\n', 'overrun\n', 'overstep\n', 'owner\n', 'ownership\n', 'pass\n', 'perjury\n', 'poach\n', 'possession\n', 'property\n', 'raid\n', 'restricted\n', 'revenue\n', 'sabotage\n', 'sale\n', 'seizure\n', 'settlement\n', 'son\n', 'successor\n', 'surmount\n', 'tenant\n', 'territory\n', 'trespass\n', 'unauthorized\n', 'uncle\n', 'usurpationabduction\n', 'abuse\n', 'advances\n', 'agony\n', 'anguish\n', 'annoyance\n', 'assault\n', 'bad\n', 'bear\n', 'beat\n', 'betray\n', 'bother\n', 'boy\n', 'burn\n', 'bursting\n', 'captivate\n', 'child\n', 'commit\n', 'compel\n', 'compromise\n', 'conduct\n', 'contact\n', 'cruelty\n', 'damage\n', 'death\n', 'deceased\n', 'demand\n', 'depression\n', 'dignity\n', 'discrimination\n', 'dishonor\n', 'disturbance\n', 'dowry\n', 'drive\n', 'duties\n', 'equality\n', 'fire\n', 'force\n', 'fundamental\n', 'gang\n', 'gender\n', 'girl\n', 'harass\n', 'harassment\n', 'helplessness\n', 'hit\n', 'human\n', 'inability\n', 'infant\n', 'injure\n', 'injury\n', 'intrusion\n', 'invade\n', 'irritation\n', 'kerosene\n', 'kidnap\n', 'maltreat\n', 'men\n', 'mental\n', 'misbehaviour\n', 'mistreat\n', 'molestation\n', 'oppress\n', 'outrage\n', 'pain\n', 'physical\n', 'place\n', 'pressure\n', 'prohibition\n', 'provocation\n', 'rape\n', 'rights\n', 'ruin\n', 'scream\n', 'seduce\n', 'severe\n', 'sexual\n', 'shame\n', 'slavery\n', 'spoil\n', 'stove\n', 'strangulation\n', 'strip\n', 'suicide\n', 'torment\n', 'torture\n', 'trash\n', 'trouble\n', 'unbearable\n', 'unconscious\n', 'undress\n', 'unnatural\n', 'unwelcome\n', 'violation\n', 'women\n', 'work\n', 'worry']
>>> for i in le[K[Krange(len([K[K[K[K[K[K[K[K[K[K[K[K[K[K[K[K[K[K[Kk = list(map( [Klambda x: x[:len(x)-1], k))
>>> k
['accident', 'administer', 'adulterate', 'agony', 'altercate', 'anasthesia', 'armed', 'arsenic', 'assailant', 'assassination', 'assault', 'attack', 'autopsy', 'blackmail', 'bleed', 'blood', 'blooded', 'bomb', 'brutal', 'carnage', 'chemical', 'cold', 'congestion', 'constricted', 'corpse', 'corruption', 'crime', 'cutting', 'cyanide', 'dagger', 'dead', 'death', 'decease', 'deceased', 'destroy', 'die', 'disfigure', 'drap', 'execution', 'fellony', 'felonious', 'felony', 'fight', 'firearms', 'fracture', 'gun', 'hang', 'hate', 'heart', 'hell', 'hire', 'hit', 'homicide', 'injury', 'intentional', 'kill', 'knife', 'lethal', 'liquidate', 'machete', 'manslaughter', 'massacre', 'merciless', 'misery', 'mouth', 'murder', 'mysterious', 'neck', 'nose', 'overdose', 'perpetrate', 'pierce', 'pillow', 'pills', 'pistol', 'poison', 'pyschic', 'quarrel', 'revolver', 'rifle', 'riot', 'rope', 'ruthless', 'sharp', 'shoot', 'slaughter', 'slay', 'sleeping', 'stab', 'strangled', 'suffocate', 'suspecious', 'syringe', 'target', 'threat', 'throw', 'tight', 'torn', 'torture', 'toxin', 'undiagnosed', 'weapon', 'witnessabstraction', 'away', 'bait', 'blackmail', 'bracelet', 'breach', 'break', 'break-in', 'burglar', 'burglary', 'capturesteal', 'car', 'cash', 'chain', 'cheat', 'con', 'criminal', 'dacoit', 'diamond', 'electricity', 'extortion', 'filch', 'forcible', 'fraud', 'gold', 'grab', 'hack', 'hijack', 'hoax', 'housebreak', 'housebreaking', 'hustle', 'jewellery', 'lift', 'loot', 'missing', 'money', 'mug', 'mugging', 'ornament', 'piracy', 'plagiarism', 'platinum', 'plunder', 'poaching', 'property', 'racket', 'restraint', 'rip-off', 'rob', 'robbery', 'scooter', 'shoplift', 'silver', 'smuggle', 'smuggling', 'snatch', 'steal', 'take', 'taking', 'tamper', 'theft', 'thief', 'threaten', 'trick', 'usurpation', 'vandalism', 'vehicle', 'violentabuse', 'accroachment', 'acquired', 'acquisition', 'acre', 'ancestral', 'arbitrate', 'arbitrator', 'area', 'aunt', 'breach', 'building', 'claim', 'company', 'conflict', 'conquest', 'cultivation', 'daughter', 'deed', 'disobey', 'dispute', 'disturb', 'encroach', 'encroachment', 'enter', 'entry', 'father', 'flout', 'forced', 'foul', 'government', 'grandfather', 'grandmother', 'guntas', 'hereditary', 'illegal', 'infringement', 'interfere', 'interjection', 'intrusion', 'invasion', 'land', 'land-reform', 'landlord', 'lawbreak', 'litigate', 'neighbor', 'occupation', 'occupied', 'occupy', 'overrun', 'overstep', 'owner', 'ownership', 'pass', 'perjury', 'poach', 'possession', 'property', 'raid', 'restricted', 'revenue', 'sabotage', 'sale', 'seizure', 'settlement', 'son', 'successor', 'surmount', 'tenant', 'territory', 'trespass', 'unauthorized', 'uncle', 'usurpationabduction', 'abuse', 'advances', 'agony', 'anguish', 'annoyance', 'assault', 'bad', 'bear', 'beat', 'betray', 'bother', 'boy', 'burn', 'bursting', 'captivate', 'child', 'commit', 'compel', 'compromise', 'conduct', 'contact', 'cruelty', 'damage', 'death', 'deceased', 'demand', 'depression', 'dignity', 'discrimination', 'dishonor', 'disturbance', 'dowry', 'drive', 'duties', 'equality', 'fire', 'force', 'fundamental', 'gang', 'gender', 'girl', 'harass', 'harassment', 'helplessness', 'hit', 'human', 'inability', 'infant', 'injure', 'injury', 'intrusion', 'invade', 'irritation', 'kerosene', 'kidnap', 'maltreat', 'men', 'mental', 'misbehaviour', 'mistreat', 'molestation', 'oppress', 'outrage', 'pain', 'physical', 'place', 'pressure', 'prohibition', 'provocation', 'rape', 'rights', 'ruin', 'scream', 'seduce', 'severe', 'sexual', 'shame', 'slavery', 'spoil', 'stove', 'strangulation', 'strip', 'suicide', 'torment', 'torture', 'trash', 'trouble', 'unbearable', 'unconscious', 'undress', 'unnatural', 'unwelcome', 'violation', 'women', 'work', 'worr']
>>> from sklearn.feature_extraction.text import CountVectorizer
>>> count_vect = CountVectorizer()
>>> count_vect.fitr[K(k)
CountVectorizer(analyzer='word', binary=False, decode_error='strict',
        dtype=<class 'numpy.int64'>, encoding='utf-8', input='content',
        lowercase=True, max_df=1.0, max_features=None, min_df=1,
        ngram_range=(1, 1), preprocessor=None, stop_words=None,
        strip_accents=None, token_pattern='(?u)\\b\\w\\w+\\b',
        tokenizer=None, vocabulary=None)
>>> print(vectorizer.vocabulary_)[1P.vocabulary_)[1P.vocabulary_)[1P.vocabulary_)[1P.vocabulary_)[1P.vocabulary_)[1P.vocabulary_)cvect.vocabulary_)[C[C[C[C[C[C[C[C[C[C[Covect.vocabulary_)[C[C[C[C[C[C[C[C[C[C[C[Cuvect.vocabulary_)[C[C[C[C[C[C[C[C[C[C[C[C[Cnvect.vocabulary_)[C[C[C[C[C[C[C[C[C[C[C[C[C[Ctvect.vocabulary_)[C[C[C[C[C[C[C[C[C[C[C[C[C[C[C_vect.vocabulary_)
{'accident': 1, 'administer': 6, 'adulterate': 7, 'agony': 9, 'altercate': 10, 'anasthesia': 11, 'armed': 18, 'arsenic': 19, 'assailant': 20, 'assassination': 21, 'assault': 22, 'attack': 23, 'autopsy': 25, 'blackmail': 32, 'bleed': 33, 'blood': 34, 'blooded': 35, 'bomb': 36, 'brutal': 42, 'carnage': 51, 'chemical': 55, 'cold': 58, 'congestion': 66, 'constricted': 68, 'corpse': 70, 'corruption': 71, 'crime': 72, 'cutting': 76, 'cyanide': 77, 'dagger': 79, 'dead': 82, 'death': 83, 'decease': 84, 'deceased': 85, 'destroy': 89, 'die': 91, 'disfigure': 94, 'drap': 101, 'execution': 110, 'fellony': 113, 'felonious': 114, 'felony': 115, 'fight': 116, 'firearms': 119, 'fracture': 125, 'gun': 136, 'hang': 139, 'hate': 142, 'heart': 143, 'hell': 144, 'hire': 148, 'hit': 149, 'homicide': 151, 'injury': 162, 'intentional': 163, 'kill': 173, 'knife': 174, 'lethal': 178, 'liquidate': 180, 'machete': 183, 'manslaughter': 185, 'massacre': 186, 'merciless': 189, 'misery': 191, 'mouth': 196, 'murder': 199, 'mysterious': 200, 'neck': 201, 'nose': 203, 'overdose': 211, 'perpetrate': 219, 'pierce': 221, 'pillow': 222, 'pills': 223, 'pistol': 225, 'poison': 232, 'pyschic': 238, 'quarrel': 239, 'revolver': 247, 'rifle': 248, 'riot': 250, 'rope': 254, 'ruthless': 256, 'sharp': 267, 'shoot': 268, 'slaughter': 271, 'slay': 273, 'sleeping': 274, 'stab': 280, 'strangled': 283, 'suffocate': 287, 'suspecious': 290, 'syringe': 291, 'target': 295, 'threat': 300, 'throw': 302, 'tight': 303, 'torn': 305, 'torture': 306, 'toxin': 307, 'undiagnosed': 316, 'weapon': 326, 'witnessabstraction': 327, 'away': 26, 'bait': 28, 'bracelet': 39, 'breach': 40, 'break': 41, 'in': 157, 'burglar': 44, 'burglary': 45, 'capturesteal': 49, 'car': 50, 'cash': 52, 'chain': 53, 'cheat':